

a: "accessors.html"
  
a.b: "accessors.html"


c: "accessors.html"
