
head: "blocks/multiple.html"

header: "blocks/multiple.html"
header: "append-block-multiple.html"

body: "blocks/multiple.html"
body: "append-block-multiple.html"

footer: "blocks/multiple.html"
footer: "append-block-multiple.html"

foot: "blocks/multiple.html"
