
unique: "blocks/basic.html"

header: "blocks/basic.html"
header: "append-block.html"
