
unique: "blocks/basic.html"

header: "block.html"
