
one: "block-missing.html"

two: "block-missing.html"
