unique: parent

  
  header: child
  
    
middle: child

      
  footer: child
  
  
  foot: parent
  
