
√ header: default

√ body: block-body.html

√ footer: default
