
√ header: default

√ this is content

√ footer: default
