
√ one:parent

√ two:child

  
  √ three.four:child
  
