<!DOCTYPE html>
<html lang="en">
  
  <head>
    <meta charset="UTF-8">
    <title>Body fixture</title>
  </head>
  
  <body>
    
This is root-text-node content from "fixtures/layout.html".
    
  </body>
</html>