<!DOCTYPE html>
<html lang="en">
  
  parent: I should be rendered
  
  

  

<head>
  <meta charset="UTF-8">
  <title>Body fixture</title>
</head>
<body>
  
This is root-text-node content from "fixtures/layout-nested.html".

  
footer: "fixtures/layout-nested.html"
</body>
  

</html>