<!DOCTYPE html>
<html lang="en">
  
head: "layout-block-outside-body.html"
  <body>
    
This is root-text-node content from "layout-block-outside-body.html".

    
  </body>
</html>