<!DOCTYPE html>
<html lang="en">
  
  <head>
    <meta charset="UTF-8">
    <title>Body fixture</title>
  </head>
  
  <body>
    


    
footer: "fixtures/layout.html"
  </body>
</html>