<!DOCTYPE html>
<html lang="en">
  
head: "fixtures/layout-replace.html"
  <body>
    
This is root-text-node content from "fixtures/layout-replace.html".


    
footer: "fixtures/layout-replace.html"
  </body>
</html>