

a: child
  
  b: child inside
  


c: child

e: child
  
e.f: child outside


g: child
g: default
  
g.h: child outside


i: child
i: default
  
  j: default inside block
  

