
head: "blocks/multiple-mixed.html"

one: "pages/multiple.html"

two: "pages/multiple.html"

three: "blocks/multiple-mixed.html"
three: "pages/multiple.html"

four: "pages/multiple.html"
four: "blocks/multiple-mixed.html"

five: "blocks/multiple-mixed.html"

six: "blocks/multiple-mixed.html"
six: "pages/multiple.html"

foot: "blocks/multiple-mixed.html"
