
one: "blocks/parent-append-stacked.html"
one: "blocks/nested-extends-append-stacked.html"
one: "nested-extends-append-stacked.html"