
a: "nested-blocks-prepend.html"
a: default
  
a.b: "nested-blocks-prepend.html"

