
head: "blocks/parent.html"

header: "nested-extends.html"

body: "blocks/nested-extends.html"

footer: "nested-extends.html"

foot: "blocks/parent.html"
