
before `a.b`: "nested.blocks.html"
a.b: "nested.blocks.html"
after `a.b`: "nested.blocks.html"

a.b: "nested.blocks.html"

b: default

c: default before
c.d: "nested.blocks.html" outside
c: default after
c: "nested.blocks.html"
