
one: "nested-extends-mixed2.html"
one: "blocks/parent-mixed2.html"

two: "blocks/nested-extends-mixed2.html"
two: "blocks/parent-mixed2.html"
two: "nested-extends-mixed2.html"

three: "blocks/nested-extends-mixed2.html"
three: "blocks/parent-mixed2.html"

four: "blocks/nested-extends-mixed2.html"
four: "blocks/parent-mixed2.html"

five: "blocks/nested-extends-mixed2.html"
five: "nested-extends-mixed2.html"

six: "nested-extends-mixed2.html"

seven: "nested-extends-mixed2.html"
seven: "blocks/nested-extends-mixed2.html"
seven: "blocks/parent-mixed2.html"