
one: "blocks/parent-append.html"
one: "nested-extends-append.html"

two: "nested-extends-append.html"

three: "blocks/parent-append.html"
three: "blocks/nested-extends-append.html"

four: "blocks/parent-append.html"
four: "blocks/nested-extends-append.html"

five: "nested-extends-append.html"

six: "nested-extends-append.html"

seven: "blocks/parent-append.html"
seven: "blocks/nested-extends-append.html"
seven: "nested-extends-append.html"