
a: default first
  
a.b: "nested-blocks-append-repeat.html"

a: "nested-blocks-append-repeat.html"

a.b: "nested-blocks-append-repeat.html"

a.b: "nested-blocks-append-repeat.html"

a: default second
a: "nested-blocks-append-repeat.html"

a: default third
a: "nested-blocks-append-repeat.html"

  
a.b: "nested-blocks-append-repeat.html"

a: "nested-blocks-append-repeat.html"