
a: default
  
a.b: "nested-blocks-append.html"

a: "nested-blocks-append.html"
