
head: "blocks/multiple.html"
header: "block-multiple.html"
body: "block-multiple.html"
footer: "block-multiple.html"
foot: "blocks/multiple.html"
