
{% fake "nothing" %}
header: "other-blocks.html"
{% endfake %}

header: "other-blocks.html"
{% bar %}
header: "other-blocks.html"
{% endbar %}
