
unique: "blocks/basic.html"

header: "prepend-block.html"
header: "blocks/basic.html"
