
head: "blocks/multiple.html"

header: "prepend-block-multiple.html"
header: "blocks/multiple.html"

body: "prepend-block-multiple.html"
body: "blocks/multiple.html"

footer: "prepend-block-multiple.html"
footer: "blocks/multiple.html"

foot: "blocks/multiple.html"
