
foo: "repeat.html"

foo: "repeat.html"

foo: "repeat.html"

foo: "repeat.html"

foo: "repeat.html"

foo: "repeat.html"
