
unique: "blocks/basic.html"

header: "replace-block.html"
