
head: "blocks/multiple.html"

header: "replace-block-multiple.html"

body: "replace-block-multiple.html"

footer: "replace-block-multiple.html"

foot: "blocks/multiple.html"
