
header: from text-nodes.html
text node from "blocks/basic.html"